// Jest Snapshot v1, https://jestjs.io/docs/snapshot-testing

exports[`components/channel_header/components/UserGuideDropdown should match snapshot 1`] = `
<MenuWrapper
  animationComponent={[Function]}
  className="userGuideHelp"
  id="helpMenuPortal"
  onToggle={[Function]}
>
  <WithTooltip
    title={
      <Memo(MemoizedFormattedMessage)
        defaultMessage="Help"
        id="channel_header.userHelpGuide"
      />
    }
  >
    <HeaderIconButton
      active={false}
      aria-controls="AddChannelDropdown"
      aria-expanded={false}
      aria-label="Help"
      icon="help-circle-outline"
      onClick={[Function]}
    />
  </WithTooltip>
  <Menu
    ariaLabel="Help"
    id="AddChannelDropdown"
    openLeft={false}
    openUp={false}
  >
    <Memo(MenuGroup)>
      <MenuItemAction
        iconClassName="icon-keyboard-return"
        id="keyboardShortcuts"
        onClick={[Function]}
        show={true}
        text="Keyboard shortcuts"
      />
    </Memo(MenuGroup)>
  </Menu>
</MenuWrapper>
`;
